Microchip MPLAB XC8 PIC(R) Assembler V2.30

Linker command line:

-W-3 --edf=C:\Program Files\Microchip\xc8\v2.30\pic\dat\en_msgs.txt -cs \
  -h+dist/default/debug\the1.X.debug.sym \
  --cmf=dist/default/debug\the1.X.debug.cmf -z -Q18F8722 \
  -oC:\Users\aliko\AppData\Local\Temp\sibcx2 -ver=XC8 PIC(R) Assembler \
  -Mdist/default/debug/the1.X.debug.map -E1 --acfsm=1493 -ACODE=00h-01FFFFh \
  -ACONST=00h-01FFFFh -ASMALLCONST=01000h-010FFhx496 \
  -AMEDIUMCONST=01000h-0FFFFh,011000h-01FFFFh -ACOMRAM=00h-05Fh \
  -AABS1=00h-0F5Fh -ABIGRAM=00h-0F5Fh \
  -ARAM=060h-0FFh,0100h-01FFhx14,0F00h-0F5Fh -ABANK0=060h-0FFh \
  -ABANK1=0100h-01FFh -ABANK2=0200h-02FFh -ABANK3=0300h-03FFh \
  -ABANK4=0400h-04FFh -ABANK5=0500h-05FFh -ABANK6=0600h-06FFh \
  -ABANK7=0700h-07FFh -ABANK8=0800h-08FFh -ABANK9=0900h-09FFh \
  -ABANK10=0A00h-0AFFh -ABANK11=0B00h-0BFFh -ABANK12=0C00h-0CFFh \
  -ABANK13=0D00h-0DFFh -ABANK14=0E00h-0EFFh -ABANK15=0F00h-0F5Fh \
  -ASFR=0F60h-0FFFh -ACONFIG=0300000h-0300000h -AIDLOC=0200000h-0200007h \
  -AEEDATA=0F00000h-0F003FFh \
  build/default/debug/_ext/43898991/the_1_1234567.o 

Object code version is 3.11

Machine type is 18F8722



                Name                               Link     Load   Length Selector   Space Scale
build/default/debug/_ext/43898991/the_1_1234567.o
                config                           300001   300001        D        0       4
                main                                  0        0       4E        0       0
                resetVec                          1FFFC    1FFFC        4     FFFE       0

TOTAL           Name                               Link     Load   Length     Space
        CLASS   CODE           
                resetVec                          1FFFC    1FFFC        4         0

        CLASS   CONST          

        CLASS   SMALLCONST     

        CLASS   MEDIUMCONST    

        CLASS   COMRAM         

        CLASS   ABS1           

        CLASS   BIGRAM         

        CLASS   RAM            

        CLASS   BANK0          

        CLASS   BANK1          

        CLASS   BANK2          

        CLASS   BANK3          

        CLASS   BANK4          

        CLASS   BANK5          

        CLASS   BANK6          

        CLASS   BANK7          

        CLASS   BANK8          

        CLASS   BANK9          

        CLASS   BANK10         

        CLASS   BANK11         

        CLASS   BANK12         

        CLASS   BANK13         

        CLASS   BANK14         

        CLASS   BANK15         

        CLASS   SFR            

        CLASS   CONFIG         
                config                           300001   300001        D         4

        CLASS   IDLOC          

        CLASS   EEDATA         

        CLASS   UNCLASSED
                main                                  0        0       4E         0


SEGMENTS        Name                           Load    Length   Top    Selector   Space  Class

                resetVec                       01FFFC  000004  020000      FFFE       0  CODE    


UNUSED ADDRESS RANGES

        Name                Unused          Largest block    Delta
        BANK0            000060-0000FF               A0
        BANK1            000100-0001FF              100
        BANK10           000A00-000AFF              100
        BANK11           000B00-000BFF              100
        BANK12           000C00-000CFF              100
        BANK13           000D00-000DFF              100
        BANK14           000E00-000EFF              100
        BANK15           000F00-000F5F               60
        BANK2            000200-0002FF              100
        BANK3            000300-0003FF              100
        BANK4            000400-0004FF              100
        BANK5            000500-0005FF              100
        BANK6            000600-0006FF              100
        BANK7            000700-0007FF              100
        BANK8            000800-0008FF              100
        BANK9            000900-0009FF              100
        BIGRAM           00004E-000F5F              F12
        CODE             00004E-01FFFB            1FFAE
        COMRAM           000000-00005F               60
        CONFIG           300000-300000                1
        CONST            00004E-01FFFB            1FFAE
        EEDATA           F00000-F003FF              400
        IDLOC            200000-200007                8
        MEDIUMCONST      001000-00FFFF             F000
                         011000-01FFFB             EFFC
        RAM              000060-000F5F              100
        SFR              000F60-000FFF               A0
        SMALLCONST       001000-01FFFB              100

                                  Symbol Table

__Hcode         code         00004E  __Hconfig       config       30000E
__Hdata         data         00004E  __Hedata        edata        00004E
__Hmain         main         00004E  __HresetVec     resetVec     00004E
__Hspace_0      (abs)        020000  __Hspace_1      (abs)        000000
__Hspace_3      (abs)        000000  __Hspace_4      (abs)        60000F
__Htasks        tasks        00004E  __Hudata        udata        00004E
__Hudata_acs    udata_acs    00004E  __Hudata_bank0  udata_bank0  00004E
__Hudata_bank1  udata_bank1  00004E  __Hudata_bank10 udata_bank10 00004E
__Hudata_bank11 udata_bank11 00004E  __Hudata_bank12 udata_bank12 00004E
__Hudata_bank13 udata_bank13 00004E  __Hudata_bank14 udata_bank14 00004E
__Hudata_bank15 udata_bank15 00004E  __Hudata_bank2  udata_bank2  00004E
__Hudata_bank3  udata_bank3  00004E  __Hudata_bank4  udata_bank4  00004E
__Hudata_bank5  udata_bank5  00004E  __Hudata_bank6  udata_bank6  00004E
__Hudata_bank7  udata_bank7  00004E  __Hudata_bank8  udata_bank8  00004E
__Hudata_bank9  udata_bank9  00004E  __Hutils        utils        00004E
__Lcode         code         00004E  __Lconfig       config       000000
__Ldata         data         00004E  __Ledata        edata        00004E
__Lmain         main         000000  __LresetVec     resetVec     00004E
__Lspace_0      (abs)        000000  __Lspace_1      (abs)        000000
__Lspace_3      (abs)        000000  __Lspace_4      (abs)        000000
__Ltasks        tasks        00004E  __Ludata        udata        00004E
__Ludata_acs    udata_acs    00004E  __Ludata_bank0  udata_bank0  00004E
__Ludata_bank1  udata_bank1  00004E  __Ludata_bank10 udata_bank10 00004E
__Ludata_bank11 udata_bank11 00004E  __Ludata_bank12 udata_bank12 00004E
__Ludata_bank13 udata_bank13 00004E  __Ludata_bank14 udata_bank14 00004E
__Ludata_bank15 udata_bank15 00004E  __Ludata_bank2  udata_bank2  00004E
__Ludata_bank3  udata_bank3  00004E  __Ludata_bank4  udata_bank4  00004E
__Ludata_bank5  udata_bank5  00004E  __Ludata_bank6  udata_bank6  00004E
__Ludata_bank7  udata_bank7  00004E  __Ludata_bank8  udata_bank8  00004E
__Ludata_bank9  udata_bank9  00004E  __Lutils        utils        00004E
__S0            (abs)        020000  __S1            (abs)        000000
__S3            (abs)        000000  
